[debug] [2026-03-08T13:48:16.734Z] ----------------------------------------------------------------------
[debug] [2026-03-08T13:48:16.738Z] Command:       C:\Program Files\nodejs\node.exe C:\Users\educa\AppData\Roaming\npm\node_modules\firebase-tools\lib\bin\firebase.js init
[debug] [2026-03-08T13:48:16.739Z] CLI Version:   15.9.0
[debug] [2026-03-08T13:48:16.739Z] Platform:      win32
[debug] [2026-03-08T13:48:16.739Z] Node Version:  v24.13.1
[debug] [2026-03-08T13:48:16.739Z] Time:          Sun Mar 08 2026 15:48:16 GMT+0200 (Central Africa Time)
[debug] [2026-03-08T13:48:16.740Z] ----------------------------------------------------------------------
[debug] 
[info] 
     ######## #### ########  ######## ########     ###     ######  ########
     ##        ##  ##     ## ##       ##     ##  ##   ##  ##       ##
     ######    ##  ########  ######   ########  #########  ######  ######
     ##        ##  ##    ##  ##       ##     ## ##     ##       ## ##
     ##       #### ##     ## ######## ########  ##     ##  ######  ########

You're about to initialize a Firebase project in this directory:

  C:\Users\educa\Desktop\Bryden IMS\bryden

[info] 
=== Project Setup
[info] 
[info] First, let's associate this project directory with a Firebase project.
[info] You can create multiple project aliases by running firebase use --add, 
[info] 
[debug] [2026-03-08T13:51:00.614Z] > command requires scopes: ["email","openid","https://www.googleapis.com/auth/cloudplatformprojects.readonly","https://www.googleapis.com/auth/firebase","https://www.googleapis.com/auth/cloud-platform"]
[debug] [2026-03-08T13:51:00.615Z] > authorizing via signed-in user (rugabahirwanixon@gmail.com)
[debug] [2026-03-08T13:51:00.618Z] Checked if tokens are valid: true, expires at: 1772980103277
[debug] [2026-03-08T13:51:00.619Z] Checked if tokens are valid: true, expires at: 1772980103277
[debug] [2026-03-08T13:51:00.621Z] >>> [apiv2][query] GET https://firebase.googleapis.com/v1beta1/projects pageSize=100
[debug] [2026-03-08T13:51:01.645Z] <<< [apiv2][status] GET https://firebase.googleapis.com/v1beta1/projects 200
[debug] [2026-03-08T13:51:01.645Z] <<< [apiv2][body] GET https://firebase.googleapis.com/v1beta1/projects [omitted]
[info] 
=== Dataconnect Setup
[info] i  dataconnect: ensuring required API firebasedataconnect.googleapis.com is enabled... 
[debug] [2026-03-08T13:51:11.625Z] Checked if tokens are valid: true, expires at: 1772980103277
[debug] [2026-03-08T13:51:11.625Z] Checked if tokens are valid: true, expires at: 1772980103277
[info] i  dataconnect: ensuring required API sqladmin.googleapis.com is enabled... 
[debug] [2026-03-08T13:51:11.627Z] Checked if tokens are valid: true, expires at: 1772980103277
[debug] [2026-03-08T13:51:11.627Z] Checked if tokens are valid: true, expires at: 1772980103277
[debug] [2026-03-08T13:51:11.627Z] >>> [apiv2][query] GET https://serviceusage.googleapis.com/v1/projects/bryden-9ca10/services/firebasedataconnect.googleapis.com [none]
[debug] [2026-03-08T13:51:11.628Z] >>> [apiv2][(partial)header] GET https://serviceusage.googleapis.com/v1/projects/bryden-9ca10/services/firebasedataconnect.googleapis.com  x-goog-user-project=bryden-9ca10
[debug] [2026-03-08T13:51:11.632Z] >>> [apiv2][query] GET https://serviceusage.googleapis.com/v1/projects/bryden-9ca10/services/sqladmin.googleapis.com [none]
[debug] [2026-03-08T13:51:11.632Z] >>> [apiv2][(partial)header] GET https://serviceusage.googleapis.com/v1/projects/bryden-9ca10/services/sqladmin.googleapis.com  x-goog-user-project=bryden-9ca10
[debug] [2026-03-08T13:51:13.723Z] <<< [apiv2][status] GET https://serviceusage.googleapis.com/v1/projects/bryden-9ca10/services/sqladmin.googleapis.com 200
[debug] [2026-03-08T13:51:13.723Z] <<< [apiv2][body] GET https://serviceusage.googleapis.com/v1/projects/bryden-9ca10/services/sqladmin.googleapis.com [omitted]
[warn] !  dataconnect: missing required API sqladmin.googleapis.com. Enabling now... 
[debug] [2026-03-08T13:51:13.724Z] Checked if tokens are valid: true, expires at: 1772980103277
[debug] [2026-03-08T13:51:13.724Z] Checked if tokens are valid: true, expires at: 1772980103277
[debug] [2026-03-08T13:51:13.724Z] >>> [apiv2][query] POST https://serviceusage.googleapis.com/v1/projects/bryden-9ca10/services/sqladmin.googleapis.com:enable [none]
[debug] [2026-03-08T13:51:13.725Z] >>> [apiv2][(partial)header] POST https://serviceusage.googleapis.com/v1/projects/bryden-9ca10/services/sqladmin.googleapis.com:enable  x-goog-user-project=bryden-9ca10
[debug] [2026-03-08T13:51:13.729Z] <<< [apiv2][status] GET https://serviceusage.googleapis.com/v1/projects/bryden-9ca10/services/firebasedataconnect.googleapis.com 200
[debug] [2026-03-08T13:51:13.729Z] <<< [apiv2][body] GET https://serviceusage.googleapis.com/v1/projects/bryden-9ca10/services/firebasedataconnect.googleapis.com [omitted]
[warn] !  dataconnect: missing required API firebasedataconnect.googleapis.com. Enabling now... 
[debug] [2026-03-08T13:51:13.730Z] Checked if tokens are valid: true, expires at: 1772980103277
[debug] [2026-03-08T13:51:13.730Z] Checked if tokens are valid: true, expires at: 1772980103277
[debug] [2026-03-08T13:51:13.730Z] >>> [apiv2][query] POST https://serviceusage.googleapis.com/v1/projects/bryden-9ca10/services/firebasedataconnect.googleapis.com:enable [none]
[debug] [2026-03-08T13:51:13.730Z] >>> [apiv2][(partial)header] POST https://serviceusage.googleapis.com/v1/projects/bryden-9ca10/services/firebasedataconnect.googleapis.com:enable  x-goog-user-project=bryden-9ca10
[debug] [2026-03-08T13:51:14.541Z] <<< [apiv2][status] POST https://serviceusage.googleapis.com/v1/projects/bryden-9ca10/services/firebasedataconnect.googleapis.com:enable 200
[debug] [2026-03-08T13:51:14.542Z] <<< [apiv2][body] POST https://serviceusage.googleapis.com/v1/projects/bryden-9ca10/services/firebasedataconnect.googleapis.com:enable [omitted]
[debug] [2026-03-08T13:51:15.563Z] <<< [apiv2][status] POST https://serviceusage.googleapis.com/v1/projects/bryden-9ca10/services/sqladmin.googleapis.com:enable 200
[debug] [2026-03-08T13:51:15.563Z] <<< [apiv2][body] POST https://serviceusage.googleapis.com/v1/projects/bryden-9ca10/services/sqladmin.googleapis.com:enable [omitted]
[debug] [2026-03-08T13:51:25.592Z] Checked if tokens are valid: true, expires at: 1772980103277
[debug] [2026-03-08T13:51:25.593Z] Checked if tokens are valid: true, expires at: 1772980103277
[debug] [2026-03-08T13:51:25.593Z] >>> [apiv2][query] GET https://firebasedataconnect.googleapis.com/v1/projects/bryden-9ca10/locations/-/services [none]
[debug] [2026-03-08T13:51:27.852Z] <<< [apiv2][status] GET https://firebasedataconnect.googleapis.com/v1/projects/bryden-9ca10/locations/-/services 200
[debug] [2026-03-08T13:51:27.852Z] <<< [apiv2][body] GET https://firebasedataconnect.googleapis.com/v1/projects/bryden-9ca10/locations/-/services {}
[debug] [2026-03-08T13:51:46.244Z] Checked if tokens are valid: true, expires at: 1772980103277
[debug] [2026-03-08T13:51:46.244Z] Checked if tokens are valid: true, expires at: 1772980103277
[debug] [2026-03-08T13:51:46.244Z] >>> [apiv2][query] GET https://cloudbilling.googleapis.com/v1/projects/bryden-9ca10/billingInfo [none]
[debug] [2026-03-08T13:51:47.347Z] <<< [apiv2][status] GET https://cloudbilling.googleapis.com/v1/projects/bryden-9ca10/billingInfo 200
[debug] [2026-03-08T13:51:47.347Z] <<< [apiv2][body] GET https://cloudbilling.googleapis.com/v1/projects/bryden-9ca10/billingInfo {"name":"projects/bryden-9ca10/billingInfo","projectId":"bryden-9ca10","billingAccountName":"","billingEnabled":false}
[debug] [2026-03-08T13:51:47.347Z] Checked if tokens are valid: true, expires at: 1772980103277
[debug] [2026-03-08T13:51:47.347Z] Checked if tokens are valid: true, expires at: 1772980103277
[debug] [2026-03-08T13:51:47.348Z] >>> [apiv2][query] GET https://monitoring.googleapis.com/v3/projects/bryden-9ca10/timeSeries/ filter=metric.type%3D%22serviceruntime.googleapis.com%2Fquota%2Fallocation%2Fusage%22+AND+metric.label.quota_metric+%3D+%22sqladmin.googleapis.com%2Ffdc_lifetime_free_trial_per_project%22&interval.endTime=2026-03-08T13%3A51%3A47.347Z&interval.startTime=2026-03-01T13%3A51%3A47.347Z
[debug] [2026-03-08T13:51:49.457Z] <<< [apiv2][status] GET https://monitoring.googleapis.com/v3/projects/bryden-9ca10/timeSeries/ 200
[debug] [2026-03-08T13:51:49.457Z] <<< [apiv2][body] GET https://monitoring.googleapis.com/v3/projects/bryden-9ca10/timeSeries/ {"unit":"1"}
[info] +  dataconnect: Detected existing apps . (web) 
[debug] [2026-03-08T13:51:49.493Z] Checked if tokens are valid: true, expires at: 1772980103277
[debug] [2026-03-08T13:51:49.493Z] Checked if tokens are valid: true, expires at: 1772980103277
[debug] [2026-03-08T13:51:49.494Z] >>> [apiv2][query] GET https://firebasedataconnect.googleapis.com/v1/projects/bryden-9ca10/locations/us-east4/services/bryden/schemas pageSize=100&pageToken=&fields=schemas.name%2Cschemas.datasources%2Cschemas.source
[debug] [2026-03-08T13:51:51.273Z] <<< [apiv2][status] GET https://firebasedataconnect.googleapis.com/v1/projects/bryden-9ca10/locations/us-east4/services/bryden/schemas 404
[debug] [2026-03-08T13:51:51.273Z] <<< [apiv2][body] GET https://firebasedataconnect.googleapis.com/v1/projects/bryden-9ca10/locations/us-east4/services/bryden/schemas {"error":{"code":404,"message":"Resource 'services/bryden' was not found","status":"NOT_FOUND","details":[{"@type":"type.googleapis.com/google.rpc.ResourceInfo","resourceName":"services/bryden"}]}}
[info] +  Wrote dataconnect\dataconnect.yaml 
[info] +  Wrote dataconnect\seed_data.gql 
[info] +  Wrote dataconnect\schema\schema.gql 
[info] +  Wrote dataconnect\example\connector.yaml 
[info] +  Wrote dataconnect\example\queries.gql 
[info] +  Wrote dataconnect\example\mutations.gql 
[info] +  Wrote dataconnect\example\connector.yaml 
[info] i  dataconnect: Installing the generated SDKs ... 
[info] i  dataconnect: downloading dataconnect-emulator-3.2.1.exe... {"metadata":{"emulator":{"name":"dataconnect"},"message":"downloading dataconnect-emulator-3.2.1.exe..."}}
[debug] [2026-03-08T13:51:51.358Z] >>> [apiv2][query] GET https://storage.googleapis.com/firemat-preview-drop/emulator/dataconnect-emulator-windows-amd64-v3.2.1 
[debug] [2026-03-08T13:51:53.389Z] <<< [apiv2][status] GET https://storage.googleapis.com/firemat-preview-drop/emulator/dataconnect-emulator-windows-amd64-v3.2.1 200
[debug] [2026-03-08T13:51:53.389Z] <<< [apiv2][body] GET https://storage.googleapis.com/firemat-preview-drop/emulator/dataconnect-emulator-windows-amd64-v3.2.1 [stream]
[debug] [2026-03-08T13:53:06.426Z] defaultcredentials: writing to file C:\Users\educa\AppData\Roaming\firebase\rugabahirwanixon_gmail_com_application_default_credentials.json
[info] +  dataconnect: Installed generated SDKs for . (web) 
[info] i  Visit https://firebase.google.com/docs/data-connect/web-sdk#react for more information on how to set up React Generated SDKs for Firebase Data Connect 
[info] 
=== Firestore Setup
[info] i  firestore: ensuring required API firestore.googleapis.com is enabled... 
[debug] [2026-03-08T13:53:25.391Z] Checked if tokens are valid: true, expires at: 1772980103277
[debug] [2026-03-08T13:53:25.392Z] Checked if tokens are valid: true, expires at: 1772980103277
[debug] [2026-03-08T13:53:25.392Z] >>> [apiv2][query] GET https://serviceusage.googleapis.com/v1/projects/bryden-9ca10/services/firestore.googleapis.com [none]
[debug] [2026-03-08T13:53:25.392Z] >>> [apiv2][(partial)header] GET https://serviceusage.googleapis.com/v1/projects/bryden-9ca10/services/firestore.googleapis.com  x-goog-user-project=bryden-9ca10
[debug] [2026-03-08T13:53:27.234Z] <<< [apiv2][status] GET https://serviceusage.googleapis.com/v1/projects/bryden-9ca10/services/firestore.googleapis.com 200
[debug] [2026-03-08T13:53:27.234Z] <<< [apiv2][body] GET https://serviceusage.googleapis.com/v1/projects/bryden-9ca10/services/firestore.googleapis.com [omitted]
[warn] !  firestore: missing required API firestore.googleapis.com. Enabling now... 
[debug] [2026-03-08T13:53:27.235Z] Checked if tokens are valid: true, expires at: 1772980103277
[debug] [2026-03-08T13:53:27.235Z] Checked if tokens are valid: true, expires at: 1772980103277
[debug] [2026-03-08T13:53:27.235Z] >>> [apiv2][query] POST https://serviceusage.googleapis.com/v1/projects/bryden-9ca10/services/firestore.googleapis.com:enable [none]
[debug] [2026-03-08T13:53:27.235Z] >>> [apiv2][(partial)header] POST https://serviceusage.googleapis.com/v1/projects/bryden-9ca10/services/firestore.googleapis.com:enable  x-goog-user-project=bryden-9ca10
[debug] [2026-03-08T13:53:29.065Z] <<< [apiv2][status] POST https://serviceusage.googleapis.com/v1/projects/bryden-9ca10/services/firestore.googleapis.com:enable 200
[debug] [2026-03-08T13:53:29.065Z] <<< [apiv2][body] POST https://serviceusage.googleapis.com/v1/projects/bryden-9ca10/services/firestore.googleapis.com:enable [omitted]
[debug] [2026-03-08T13:53:39.087Z] Checked if tokens are valid: true, expires at: 1772980103277
[debug] [2026-03-08T13:53:39.087Z] Checked if tokens are valid: true, expires at: 1772980103277
[debug] [2026-03-08T13:53:39.088Z] >>> [apiv2][query] GET https://firestore.googleapis.com/v1/projects/bryden-9ca10/databases [none]
[debug] [2026-03-08T13:53:40.769Z] <<< [apiv2][status] GET https://firestore.googleapis.com/v1/projects/bryden-9ca10/databases 200
[debug] [2026-03-08T13:53:40.769Z] <<< [apiv2][body] GET https://firestore.googleapis.com/v1/projects/bryden-9ca10/databases {}
[debug] [2026-03-08T13:53:40.770Z] Checked if tokens are valid: true, expires at: 1772980103277
[debug] [2026-03-08T13:53:40.770Z] Checked if tokens are valid: true, expires at: 1772980103277
[debug] [2026-03-08T13:53:40.770Z] >>> [apiv2][query] GET https://firestore.googleapis.com/v1/projects/bryden-9ca10/locations [none]
[debug] [2026-03-08T13:53:41.586Z] <<< [apiv2][status] GET https://firestore.googleapis.com/v1/projects/bryden-9ca10/locations 200
[debug] [2026-03-08T13:53:41.586Z] <<< [apiv2][body] GET https://firestore.googleapis.com/v1/projects/bryden-9ca10/locations {"locations":[{"name":"projects/bryden-9ca10/locations/eur3","labels":{"appengine.googleapis.com/geo":"europe-west","cloud.googleapis.com/location":"eur3","cloud.googleapis.com/geo":"eur3"},"metadata":{"@type":"type.googleapis.com/google.firestore.admin.v1.LocationMetadata"},"locationId":"eur3","displayName":"Europe"},{"name":"projects/bryden-9ca10/locations/nam5","labels":{"appengine.googleapis.com/geo":"us-central","cloud.googleapis.com/location":"nam5","cloud.googleapis.com/geo":"nam5"},"metadata":{"@type":"type.googleapis.com/google.firestore.admin.v1.LocationMetadata"},"locationId":"nam5","displayName":"United States"},{"name":"projects/bryden-9ca10/locations/nam7","labels":{"cloud.googleapis.com/location":"nam7","cloud.googleapis.com/geo":"nam7"},"metadata":{"@type":"type.googleapis.com/google.firestore.admin.v1.LocationMetadata"},"locationId":"nam7","displayName":"United States"},{"name":"projects/bryden-9ca10/locations/africa-south1","labels":{"cloud.googleapis.com/location":"africa-south1","cloud.googleapis.com/region":"africa-south1"},"metadata":{"@type":"type.googleapis.com/google.firestore.admin.v1.LocationMetadata"},"locationId":"africa-south1","displayName":"Johannesburg"},{"name":"projects/bryden-9ca10/locations/asia-east1","labels":{"appengine.googleapis.com/region":"asia-east1","cloud.googleapis.com/location":"asia-east1","cloud.googleapis.com/region":"asia-east1"},"metadata":{"@type":"type.googleapis.com/google.firestore.admin.v1.LocationMetadata"},"locationId":"asia-east1","displayName":"Taiwan"},{"name":"projects/bryden-9ca10/locations/asia-east2","labels":{"appengine.googleapis.com/region":"asia-east2","cloud.googleapis.com/location":"asia-east2","cloud.googleapis.com/region":"asia-east2"},"metadata":{"@type":"type.googleapis.com/google.firestore.admin.v1.LocationMetadata"},"locationId":"asia-east2","displayName":"Hong Kong"},{"name":"projects/bryden-9ca10/locations/asia-northeast1","labels":{"appengine.googleapis.com/region":"asia-northeast1","cloud.googleapis.com/location":"asia-northeast1","cloud.googleapis.com/region":"asia-northeast1"},"metadata":{"@type":"type.googleapis.com/google.firestore.admin.v1.LocationMetadata"},"locationId":"asia-northeast1","displayName":"Tokyo"},{"name":"projects/bryden-9ca10/locations/asia-northeast2","labels":{"appengine.googleapis.com/region":"asia-northeast2","cloud.googleapis.com/location":"asia-northeast2","cloud.googleapis.com/region":"asia-northeast2"},"metadata":{"@type":"type.googleapis.com/google.firestore.admin.v1.LocationMetadata"},"locationId":"asia-northeast2","displayName":"Osaka"},{"name":"projects/bryden-9ca10/locations/asia-northeast3","labels":{"appengine.googleapis.com/region":"asia-northeast3","cloud.googleapis.com/location":"asia-northeast3","cloud.googleapis.com/region":"asia-northeast3"},"metadata":{"@type":"type.googleapis.com/google.firestore.admin.v1.LocationMetadata"},"locationId":"asia-northeast3","displayName":"Seoul"},{"name":"projects/bryden-9ca10/locations/asia-south1","labels":{"appengine.googleapis.com/region":"asia-south1","cloud.googleapis.com/location":"asia-south1","cloud.googleapis.com/region":"asia-south1"},"metadata":{"@type":"type.googleapis.com/google.firestore.admin.v1.LocationMetadata"},"locationId":"asia-south1","displayName":"Mumbai"},{"name":"projects/bryden-9ca10/locations/asia-south2","labels":{"cloud.googleapis.com/location":"asia-south2","cloud.googleapis.com/region":"asia-south2"},"metadata":{"@type":"type.googleapis.com/google.firestore.admin.v1.LocationMetadata"},"locationId":"asia-south2","displayName":"Delhi"},{"name":"projects/bryden-9ca10/locations/asia-southeast1","labels":{"appengine.googleapis.com/region":"asia-southeast1","cloud.googleapis.com/location":"asia-southeast1","cloud.googleapis.com/region":"asia-southeast1"},"metadata":{"@type":"type.googleapis.com/google.firestore.admin.v1.LocationMetadata"},"locationId":"asia-southeast1","displayName":"Singapore"},{"name":"projects/bryden-9ca10/locations/asia-southeast2","labels":{"appengine.googleapis.com/region":"asia-southeast2","cloud.googleapis.com/location":"asia-southeast2","cloud.googleapis.com/region":"asia-southeast2"},"metadata":{"@type":"type.googleapis.com/google.firestore.admin.v1.LocationMetadata"},"locationId":"asia-southeast2","displayName":"Jakarta"},{"name":"projects/bryden-9ca10/locations/asia-southeast3","labels":{"cloud.googleapis.com/location":"asia-southeast3","cloud.googleapis.com/region":"asia-southeast3"},"metadata":{"@type":"type.googleapis.com/google.firestore.admin.v1.LocationMetadata"},"locationId":"asia-southeast3","displayName":"Bangkok"},{"name":"projects/bryden-9ca10/locations/australia-southeast1","labels":{"appengine.googleapis.com/region":"australia-southeast1","cloud.googleapis.com/location":"australia-southeast1","cloud.googleapis.com/region":"australia-southeast1"},"metadata":{"@type":"type.googleapis.com/google.firestore.admin.v1.LocationMetadata"},"locationId":"australia-southeast1","displayName":"Sydney"},{"name":"projects/bryden-9ca10/locations/australia-southeast2","labels":{"cloud.googleapis.com/location":"australia-southeast2","cloud.googleapis.com/region":"australia-southeast2"},"metadata":{"@type":"type.googleapis.com/google.firestore.admin.v1.LocationMetadata"},"locationId":"australia-southeast2","displayName":"Melbourne"},{"name":"projects/bryden-9ca10/locations/europe-central2","labels":{"appengine.googleapis.com/region":"europe-central2","cloud.googleapis.com/location":"europe-central2","cloud.googleapis.com/region":"europe-central2"},"metadata":{"@type":"type.googleapis.com/google.firestore.admin.v1.LocationMetadata"},"locationId":"europe-central2","displayName":"Warsaw"},{"name":"projects/bryden-9ca10/locations/europe-north1","labels":{"cloud.googleapis.com/location":"europe-north1","cloud.googleapis.com/region":"europe-north1"},"metadata":{"@type":"type.googleapis.com/google.firestore.admin.v1.LocationMetadata"},"locationId":"europe-north1","displayName":"Finland"},{"name":"projects/bryden-9ca10/locations/europe-north2","labels":{"cloud.googleapis.com/location":"europe-north2","cloud.googleapis.com/region":"europe-north2"},"metadata":{"@type":"type.googleapis.com/google.firestore.admin.v1.LocationMetadata"},"locationId":"europe-north2","displayName":"Stockholm"},{"name":"projects/bryden-9ca10/locations/europe-southwest1","labels":{"cloud.googleapis.com/location":"europe-southwest1","cloud.googleapis.com/region":"europe-southwest1"},"metadata":{"@type":"type.googleapis.com/google.firestore.admin.v1.LocationMetadata"},"locationId":"europe-southwest1","displayName":"Madrid"},{"name":"projects/bryden-9ca10/locations/europe-west1","labels":{"cloud.googleapis.com/location":"europe-west1","cloud.googleapis.com/region":"europe-west1"},"metadata":{"@type":"type.googleapis.com/google.firestore.admin.v1.LocationMetadata"},"locationId":"europe-west1","displayName":"Belgium"},{"name":"projects/bryden-9ca10/locations/europe-west10","labels":{"cloud.googleapis.com/location":"europe-west10","cloud.googleapis.com/region":"europe-west10"},"metadata":{"@type":"type.googleapis.com/google.firestore.admin.v1.LocationMetadata"},"locationId":"europe-west10","displayName":"Berlin"},{"name":"projects/bryden-9ca10/locations/europe-west12","labels":{"cloud.googleapis.com/location":"europe-west12","cloud.googleapis.com/region":"europe-west12"},"metadata":{"@type":"type.googleapis.com/google.firestore.admin.v1.LocationMetadata"},"locationId":"europe-west12","displayName":"Turin"},{"name":"projects/bryden-9ca10/locations/europe-west2","labels":{"appengine.googleapis.com/region":"europe-west2","cloud.googleapis.com/location":"europe-west2","cloud.googleapis.com/region":"europe-west2"},"metadata":{"@type":"type.googleapis.com/google.firestore.admin.v1.LocationMetadata"},"locationId":"europe-west2","displayName":"London"},{"name":"projects/bryden-9ca10/locations/europe-west3","labels":{"appengine.googleapis.com/region":"europe-west3","cloud.googleapis.com/location":"europe-west3","cloud.googleapis.com/region":"europe-west3"},"metadata":{"@type":"type.googleapis.com/google.firestore.admin.v1.LocationMetadata"},"locationId":"europe-west3","displayName":"Frankfurt"},{"name":"projects/bryden-9ca10/locations/europe-west4","labels":{"cloud.googleapis.com/location":"europe-west4","cloud.googleapis.com/region":"europe-west4"},"metadata":{"@type":"type.googleapis.com/google.firestore.admin.v1.LocationMetadata"},"locationId":"europe-west4","displayName":"Netherlands"},{"name":"projects/bryden-9ca10/locations/europe-west6","labels":{"appengine.googleapis.com/region":"europe-west6","cloud.googleapis.com/location":"europe-west6","cloud.googleapis.com/region":"europe-west6"},"metadata":{"@type":"type.googleapis.com/google.firestore.admin.v1.LocationMetadata"},"locationId":"europe-west6","displayName":"Zurich"},{"name":"projects/bryden-9ca10/locations/europe-west8","labels":{"cloud.googleapis.com/location":"europe-west8","cloud.googleapis.com/region":"europe-west8"},"metadata":{"@type":"type.googleapis.com/google.firestore.admin.v1.LocationMetadata"},"locationId":"europe-west8","displayName":"Milan"},{"name":"projects/bryden-9ca10/locations/europe-west9","labels":{"cloud.googleapis.com/location":"europe-west9","cloud.googleapis.com/region":"europe-west9"},"metadata":{"@type":"type.googleapis.com/google.firestore.admin.v1.LocationMetadata"},"locationId":"europe-west9","displayName":"Paris"},{"name":"projects/bryden-9ca10/locations/me-central1","labels":{"cloud.googleapis.com/location":"me-central1","cloud.googleapis.com/region":"me-central1"},"metadata":{"@type":"type.googleapis.com/google.firestore.admin.v1.LocationMetadata"},"locationId":"me-central1","displayName":"Doha"},{"name":"projects/bryden-9ca10/locations/me-central2","labels":{"cloud.googleapis.com/location":"me-central2","cloud.googleapis.com/region":"me-central2"},"metadata":{"@type":"type.googleapis.com/google.firestore.admin.v1.LocationMetadata"},"locationId":"me-central2","displayName":"Dammam"},{"name":"projects/bryden-9ca10/locations/me-west1","labels":{"cloud.googleapis.com/location":"me-west1","cloud.googleapis.com/region":"me-west1"},"metadata":{"@type":"type.googleapis.com/google.firestore.admin.v1.LocationMetadata"},"locationId":"me-west1","displayName":"Tel Aviv"},{"name":"projects/bryden-9ca10/locations/northamerica-northeast1","labels":{"appengine.googleapis.com/region":"northamerica-northeast1","cloud.googleapis.com/location":"northamerica-northeast1","cloud.googleapis.com/region":"northamerica-northeast1"},"metadata":{"@type":"type.googleapis.com/google.firestore.admin.v1.LocationMetadata"},"locationId":"northamerica-northeast1","displayName":"Montréal"},{"name":"projects/bryden-9ca10/locations/northamerica-northeast2","labels":{"cloud.googleapis.com/location":"northamerica-northeast2","cloud.googleapis.com/region":"northamerica-northeast2"},"metadata":{"@type":"type.googleapis.com/google.firestore.admin.v1.LocationMetadata"},"locationId":"northamerica-northeast2","displayName":"Toronto"},{"name":"projects/bryden-9ca10/locations/northamerica-south1","labels":{"cloud.googleapis.com/location":"northamerica-south1","cloud.googleapis.com/region":"northamerica-south1"},"metadata":{"@type":"type.googleapis.com/google.firestore.admin.v1.LocationMetadata"},"locationId":"northamerica-south1","displayName":"Mexico"},{"name":"projects/bryden-9ca10/locations/southamerica-east1","labels":{"appengine.googleapis.com/region":"southamerica-east1","cloud.googleapis.com/location":"southamerica-east1","cloud.googleapis.com/region":"southamerica-east1"},"metadata":{"@type":"type.googleapis.com/google.firestore.admin.v1.LocationMetadata"},"locationId":"southamerica-east1","displayName":"São Paulo"},{"name":"projects/bryden-9ca10/locations/southamerica-west1","labels":{"cloud.googleapis.com/location":"southamerica-west1","cloud.googleapis.com/region":"southamerica-west1"},"metadata":{"@type":"type.googleapis.com/google.firestore.admin.v1.LocationMetadata"},"locationId":"southamerica-west1","displayName":"Santiago"},{"name":"projects/bryden-9ca10/locations/us-central1","labels":{"cloud.googleapis.com/location":"us-central1","cloud.googleapis.com/region":"us-central1"},"metadata":{"@type":"type.googleapis.com/google.firestore.admin.v1.LocationMetadata"},"locationId":"us-central1","displayName":"Iowa"},{"name":"projects/bryden-9ca10/locations/us-east1","labels":{"appengine.googleapis.com/region":"us-east1","cloud.googleapis.com/location":"us-east1","cloud.googleapis.com/region":"us-east1"},"metadata":{"@type":"type.googleapis.com/google.firestore.admin.v1.LocationMetadata"},"locationId":"us-east1","displayName":"South Carolina"},{"name":"projects/bryden-9ca10/locations/us-east4","labels":{"appengine.googleapis.com/region":"us-east4","cloud.googleapis.com/location":"us-east4","cloud.googleapis.com/region":"us-east4"},"metadata":{"@type":"type.googleapis.com/google.firestore.admin.v1.LocationMetadata"},"locationId":"us-east4","displayName":"Northern Virginia"},{"name":"projects/bryden-9ca10/locations/us-east5","labels":{"cloud.googleapis.com/location":"us-east5","cloud.googleapis.com/region":"us-east5"},"metadata":{"@type":"type.googleapis.com/google.firestore.admin.v1.LocationMetadata"},"locationId":"us-east5","displayName":"Columbus"},{"name":"projects/bryden-9ca10/locations/us-south1","labels":{"cloud.googleapis.com/location":"us-south1","cloud.googleapis.com/region":"us-south1"},"metadata":{"@type":"type.googleapis.com/google.firestore.admin.v1.LocationMetadata"},"locationId":"us-south1","displayName":"Dallas"},{"name":"projects/bryden-9ca10/locations/us-west1","labels":{"appengine.googleapis.com/region":"us-west1","cloud.googleapis.com/location":"us-west1","cloud.googleapis.com/region":"us-west1"},"metadata":{"@type":"type.googleapis.com/google.firestore.admin.v1.LocationMetadata"},"locationId":"us-west1","displayName":"Oregon"},{"name":"projects/bryden-9ca10/locations/us-west2","labels":{"appengine.googleapis.com/region":"us-west2","cloud.googleapis.com/location":"us-west2","cloud.googleapis.com/region":"us-west2"},"metadata":{"@type":"type.googleapis.com/google.firestore.admin.v1.LocationMetadata"},"locationId":"us-west2","displayName":"Los Angeles"},{"name":"projects/bryden-9ca10/locations/us-west3","labels":{"appengine.googleapis.com/region":"us-west3","cloud.googleapis.com/location":"us-west3","cloud.googleapis.com/region":"us-west3"},"metadata":{"@type":"type.googleapis.com/google.firestore.admin.v1.LocationMetadata"},"locationId":"us-west3","displayName":"Salt Lake City"},{"name":"projects/bryden-9ca10/locations/us-west4","labels":{"appengine.googleapis.com/region":"us-west4","cloud.googleapis.com/location":"us-west4","cloud.googleapis.com/region":"us-west4"},"metadata":{"@type":"type.googleapis.com/google.firestore.admin.v1.LocationMetadata"},"locationId":"us-west4","displayName":"Las Vegas"}]}
